
> safe-track-frontend@0.0.0 build
> ng build

[33m❯[39m Building...
[32m✔[39m Building...
[1mInitial chunk files[22m[2m | [22m[1mNames[22m                 [2m | [22m [1mRaw size[22m[2m | [22m[1mEstimated transfer size[22m
[32mchunk-PLH2ZTFO.js[39m  [2m | [22m[2m-[22m                     [2m | [22m[36m186.71 kB[39m[2m | [22m               [36m55.32 kB[39m
[32mchunk-Q4TDI56B.js[39m  [2m | [22m[2m-[22m                     [2m | [22m[36m113.63 kB[39m[2m | [22m               [36m29.54 kB[39m
[32mmain-B3YQYAY7.js[39m   [2m | [22m[2mmain[22m                  [2m | [22m [36m39.62 kB[39m[2m | [22m                [36m8.07 kB[39m
[32mstyles-WWZQSSDS.css[39m[2m | [22m[2mstyles[22m                [2m | [22m [36m11.80 kB[39m[2m | [22m                [36m2.54 kB[39m
[32mchunk-SCGLR2IW.js[39m  [2m | [22m[2m-[22m                     [2m | [22m  [36m5.57 kB[39m[2m | [22m                [36m1.41 kB[39m
[32mchunk-G4QUBYUH.js[39m  [2m | [22m[2m-[22m                     [2m | [22m  [36m3.36 kB[39m[2m | [22m                [36m1.18 kB[39m
[32mchunk-HQSZXSTP.js[39m  [2m | [22m[2m-[22m                     [2m | [22m  [36m2.84 kB[39m[2m | [22m                [36m1.03 kB[39m
[32mchunk-IFGU66OU.js[39m  [2m | [22m[2m-[22m                     [2m | [22m  [36m1.10 kB[39m[2m | [22m              [36m489 bytes[39m

[1m [22m                  [2m | [22m[1mInitial total[22m         [2m | [22m[1m364.62 kB[22m[2m | [22m               [1m99.58 kB[22m

[1mLazy chunk files[22m   [2m | [22m[1mNames[22m                 [2m | [22m [1mRaw size[22m[2m | [22m[1mEstimated transfer size[22m
[32mchunk-5NR4VZVE.js[39m  [2m | [22m[2mjspdf-es-min[22m          [2m | [22m[36m411.27 kB[39m[2m | [22m              [36m112.80 kB[39m
[32mchunk-EBDHLHRK.js[39m  [2m | [22m[2mequipment-detail-page[22m [2m | [22m[36m266.32 kB[39m[2m | [22m               [36m73.73 kB[39m
[32mchunk-VKPJK3JO.js[39m  [2m | [22m[2mhtml2canvas[22m           [2m | [22m[36m202.84 kB[39m[2m | [22m               [36m38.49 kB[39m
[32mchunk-WD2I4I4M.js[39m  [2m | [22m[2mindex-es[22m              [2m | [22m[36m159.04 kB[39m[2m | [22m               [36m46.97 kB[39m
[32mchunk-DU4P5X3I.js[39m  [2m | [22m[2mleaflet-src[22m           [2m | [22m[36m149.55 kB[39m[2m | [22m               [36m37.62 kB[39m
[32mchunk-BIBRRXQ3.js[39m  [2m | [22m[2mstructure-form[22m        [2m | [22m [36m35.86 kB[39m[2m | [22m                [36m6.96 kB[39m
[32mchunk-FEQW3ZDQ.js[39m  [2m | [22m[2m-[22m                     [2m | [22m [36m34.20 kB[39m[2m | [22m                [36m7.35 kB[39m
[32mchunk-YL7Q7XRM.js[39m  [2m | [22m[2mjspdf-plugin-autotable[22m[2m | [22m [36m31.07 kB[39m[2m | [22m                [36m9.00 kB[39m
[32mchunk-3SJW2DGQ.js[39m  [2m | [22m[2mpurify-es[22m             [2m | [22m [36m28.46 kB[39m[2m | [22m                [36m9.83 kB[39m
[32mchunk-N6JPZJAF.js[39m  [2m | [22m[2mstructure-detail[22m      [2m | [22m [36m26.26 kB[39m[2m | [22m                [36m5.43 kB[39m
[32mchunk-4QS4LCQB.js[39m  [2m | [22m[2mstructures-list[22m       [2m | [22m [36m26.24 kB[39m[2m | [22m                [36m5.57 kB[39m
[32mchunk-FKE3KQSX.js[39m  [2m | [22m[2mrapports-page[22m         [2m | [22m [36m23.34 kB[39m[2m | [22m                [36m5.32 kB[39m
[32mchunk-HHCG6LP2.js[39m  [2m | [22m[2msuperadmin-dashboard[22m  [2m | [22m [36m21.88 kB[39m[2m | [22m                [36m4.29 kB[39m
[32mchunk-SXTZXPNM.js[39m  [2m | [22m[2musers-list[22m            [2m | [22m [36m20.49 kB[39m[2m | [22m                [36m4.84 kB[39m
[32mchunk-UPIKSEAQ.js[39m  [2m | [22m[2msuperadmin-layout[22m     [2m | [22m [36m19.69 kB[39m[2m | [22m                [36m4.33 kB[39m
[2m...and 12 more lazy chunks files. Use "--verbose" to show all the files.[22m

Application bundle generation complete. [17.940 seconds] - 2026-09-05T10:57:40.840Z

Output location: C:\Users\226am\safe_track_frontend\dist\safe_track_frontend

